Supplemental rerun source: C:\Users\01\Desktop\delay2.0\delay2.0\results_v2\20260723_160326_a80db2f32f0f
Selected non-stable conditions: 75
Tuning runs=3, evaluation runs=2, measurement=1.000 s

=== v2 experiment dae2255a7e44 | profile=analysis ===
Output: C:\Users\01\Desktop\delay2.0\delay2.0\results_v2\20260723_200440_dae2255a7e44
[PASS] test_config_rejects_fractional_M
[PASS] test_hash_ignores_runtime_output_path
[PASS] test_all_censored_cohort_is_unstable
[PASS] test_optional_slope_gate_can_be_disabled
[PASS] test_common_arrival_trace_reproducible
[PASS] test_theory_boundary_trace_is_explicit
[PASS] test_single_packet_M_endpoints
[PASS] test_sf_cf_single_and_boundary
[PASS] test_sf_cb_exact_payload
[PASS] test_aloha_classic_collision
[PASS] test_sb_cf_fresh_difs
[PASS] test_sb_cf_simultaneous_capture
[PASS] test_sb_cf_empty_measurement_collision_intervals
[PASS] test_sb_cb_timing_and_collision
[PASS] test_sb_cb_response_timeout
[PASS] test_sb_cb_counterfactual_cca
[PASS] test_sb_cb_cts_halfduplex_and_late_data
[PASS] test_sb_cb_nav_exact_expiry
[PASS] test_s7_exact_timing
[PASS] test_s7_collision_does_not_freeze_bystander
[PASS] test_all_protocol_conservation
Starting parallel pool (parpool) using the 'local' profile ...
Connected to parallel pool with 2 workers.
Parallel pool using the 'Processes' profile is shutting down.
[PASS] test_serial_parallel_packet_equivalence

=== v2 experiment 4893b202697c | profile=analysis ===
Output: C:\Users\01\AppData\Local\Temp\tp2570ae07_3ce8_4ab9_a3a1_22e715ece903
[1/2] sf_cb_fixed_packet_lam5_M1 (lambda_eff=5)
[2/2] sb_cf_fixed_packet_lam5_M2 (lambda_eff=5)
=== completed in 0.9 s ===
[PASS] test_analysis_protocol_q_grid_and_filter

=== v2 experiment 4972b396813d | profile=smoke ===
Output: C:\Users\01\AppData\Local\Temp\tp6ab80d9d_f1c3_4136_afc7_6d9ce40f766e
[1/1] sf_cb_fixed_packet_lam30_M1 (lambda_eff=30)
=== completed in 0.2 s ===

=== v2 experiment 4972b396813d | profile=smoke ===
Output: C:\Users\01\AppData\Local\Temp\tp6ab80d9d_f1c3_4136_afc7_6d9ce40f766e
[1/1] sf_cb_fixed_packet_lam30_M1 (lambda_eff=30)
  resumed checkpoint
=== completed in 0.1 s ===
[PASS] test_runner_checkpoint_resume_and_guard
Starting parallel pool (parpool) using the 'local' profile ...
Connected to parallel pool with 4 workers.
[1/75] sb_cf_fixed_packet_lam5_M1 (lambda_eff=5)
[2/75] sb_cb_fixed_packet_lam5_M1 (lambda_eff=5)
[3/75] s7_clean_fixed_packet_lam5_M1 (lambda_eff=5)
[4/75] sb_cf_fixed_packet_lam5_M2 (lambda_eff=5)
[5/75] sb_cb_fixed_packet_lam5_M2 (lambda_eff=5)
[6/75] sb_cf_fixed_packet_lam5_M3 (lambda_eff=5)
[7/75] sb_cb_fixed_packet_lam5_M3 (lambda_eff=5)
[8/75] sb_cf_fixed_packet_lam5_M4 (lambda_eff=5)
[9/75] sb_cf_fixed_packet_lam5_M5 (lambda_eff=5)
[10/75] sb_cf_fixed_packet_lam5_M6 (lambda_eff=5)
[11/75] sb_cf_fixed_packet_lam10_M1 (lambda_eff=10)
[12/75] sf_cf_fixed_packet_lam10_M2 (lambda_eff=10)
[13/75] sb_cf_fixed_packet_lam10_M2 (lambda_eff=10)
[14/75] sf_cb_fixed_packet_lam10_M3 (lambda_eff=10)
[15/75] sb_cf_fixed_packet_lam10_M3 (lambda_eff=10)
[16/75] sf_cb_fixed_packet_lam10_M4 (lambda_eff=10)
[17/75] sb_cf_fixed_packet_lam10_M4 (lambda_eff=10)
[18/75] sf_cb_fixed_packet_lam10_M5 (lambda_eff=10)
[19/75] sb_cf_fixed_packet_lam10_M5 (lambda_eff=10)
[20/75] sb_cb_fixed_packet_lam10_M5 (lambda_eff=10)
[21/75] s7_busy_fixed_packet_lam10_M5 (lambda_eff=10)
[22/75] sf_cb_fixed_packet_lam10_M6 (lambda_eff=10)
[23/75] sb_cf_fixed_packet_lam10_M6 (lambda_eff=10)
[24/75] sb_cb_fixed_packet_lam10_M6 (lambda_eff=10)
[25/75] s7_busy_fixed_packet_lam10_M6 (lambda_eff=10)
[26/75] sb_cf_fixed_packet_lam15_M1 (lambda_eff=15)
[27/75] sf_cf_fixed_packet_lam15_M2 (lambda_eff=15)
[28/75] sb_cf_fixed_packet_lam15_M2 (lambda_eff=15)
[29/75] sb_cb_fixed_packet_lam15_M2 (lambda_eff=15)
[警告: Condition sb_cb_fixed_packet_lam15_M2 exceeded 1800.0 seconds.] 
[> 位置：run_experiment (第 136 行)
位置: rerun_unstable_1s (第 35 行)] 
[30/75] sf_cf_fixed_packet_lam15_M3 (lambda_eff=15)
[31/75] sb_cf_fixed_packet_lam15_M3 (lambda_eff=15)
[32/75] sb_cb_fixed_packet_lam15_M3 (lambda_eff=15)
[33/75] s7_busy_fixed_packet_lam15_M3 (lambda_eff=15)
[34/75] sf_cf_fixed_packet_lam15_M4 (lambda_eff=15)
[35/75] sf_cb_fixed_packet_lam15_M4 (lambda_eff=15)
[36/75] sb_cf_fixed_packet_lam15_M4 (lambda_eff=15)
[37/75] sb_cb_fixed_packet_lam15_M4 (lambda_eff=15)
[38/75] sf_cf_fixed_packet_lam15_M5 (lambda_eff=15)
[39/75] sb_cf_fixed_packet_lam15_M5 (lambda_eff=15)
[40/75] sb_cb_fixed_packet_lam15_M5 (lambda_eff=15)
[41/75] s7_busy_fixed_packet_lam15_M5 (lambda_eff=15)
[42/75] sf_cf_fixed_packet_lam15_M6 (lambda_eff=15)
[43/75] sb_cf_fixed_packet_lam15_M6 (lambda_eff=15)
[44/75] sb_cb_fixed_packet_lam15_M6 (lambda_eff=15)
[45/75] s7_busy_fixed_packet_lam15_M6 (lambda_eff=15)
[46/75] sb_cf_fixed_payload_lam5_M1 (lambda_eff=5)
[47/75] sb_cb_fixed_payload_lam5_M1 (lambda_eff=5)
[48/75] sb_cf_fixed_payload_lam5_M2 (lambda_eff=2.5)
[49/75] sb_cf_fixed_payload_lam5_M3 (lambda_eff=1.66667)
[50/75] sb_cf_fixed_payload_lam5_M4 (lambda_eff=1.25)
[51/75] sf_cf_fixed_payload_lam5_M5 (lambda_eff=1)
[52/75] sb_cf_fixed_payload_lam5_M5 (lambda_eff=1)
[53/75] sb_cf_fixed_payload_lam5_M6 (lambda_eff=0.833333)
[54/75] sb_cf_fixed_payload_lam10_M1 (lambda_eff=10)
[55/75] sb_cf_fixed_payload_lam10_M2 (lambda_eff=5)
[56/75] sb_cb_fixed_payload_lam10_M2 (lambda_eff=5)
[57/75] sb_cf_fixed_payload_lam10_M3 (lambda_eff=3.33333)
[58/75] sf_cb_fixed_payload_lam10_M4 (lambda_eff=2.5)
[59/75] sb_cf_fixed_payload_lam10_M4 (lambda_eff=2.5)
[60/75] s7_clean_fixed_payload_lam10_M4 (lambda_eff=2.5)
[61/75] sf_cb_fixed_payload_lam10_M5 (lambda_eff=2)
[62/75] sb_cf_fixed_payload_lam10_M5 (lambda_eff=2)
[63/75] s7_clean_fixed_payload_lam10_M5 (lambda_eff=2)
[64/75] sb_cf_fixed_payload_lam10_M6 (lambda_eff=1.66667)
[65/75] sb_cf_fixed_payload_lam15_M1 (lambda_eff=15)
[66/75] sb_cb_fixed_payload_lam15_M1 (lambda_eff=15)
[67/75] sb_cf_fixed_payload_lam15_M2 (lambda_eff=7.5)
[68/75] sb_cf_fixed_payload_lam15_M3 (lambda_eff=5)
[69/75] sb_cf_fixed_payload_lam15_M4 (lambda_eff=3.75)
[70/75] s7_clean_fixed_payload_lam15_M4 (lambda_eff=3.75)
[71/75] sf_cf_fixed_payload_lam15_M5 (lambda_eff=3)
[72/75] sb_cf_fixed_payload_lam15_M5 (lambda_eff=3)
[73/75] s7_clean_fixed_payload_lam15_M5 (lambda_eff=3)
[74/75] sb_cf_fixed_payload_lam15_M6 (lambda_eff=2.5)
[75/75] s7_clean_fixed_payload_lam15_M6 (lambda_eff=2.5)
=== completed in 14171.3 s ===
Parallel pool using the 'Processes' profile is shutting down.
