SF-CB light-load tests passed: 9/9

=== Isolated SF-CB light-load study ===
Output: C:\Users\01\Desktop\delay2.0\delay2.0\sf_cb_lightload_study\results\20260729_182732\corrected_unslotted_20260730_033919
[1/18] unslotted lambda=1 M=1
  best q=0.025, mean total=0.402 ms, completion=1.0000
[2/18] unslotted lambda=1 M=2
  best q=0.025, mean total=0.608 ms, completion=1.0000
[3/18] unslotted lambda=1 M=3
  best q=0.005, mean total=0.826 ms, completion=1.0000
[4/18] unslotted lambda=1 M=4
  best q=0.005, mean total=1.035 ms, completion=1.0000
[5/18] unslotted lambda=1 M=5
  best q=0.005, mean total=1.235 ms, completion=1.0000
[6/18] unslotted lambda=1 M=6
  best q=0.0075, mean total=1.448 ms, completion=1.0000
[7/18] unslotted lambda=3 M=1
  best q=0.02, mean total=0.415 ms, completion=1.0000
[8/18] unslotted lambda=3 M=2
  best q=0.034375, mean total=0.634 ms, completion=1.0000
[9/18] unslotted lambda=3 M=3
  best q=0.0075, mean total=0.857 ms, completion=1.0000
[10/18] unslotted lambda=3 M=4
  best q=0.01, mean total=1.096 ms, completion=1.0000
[11/18] unslotted lambda=3 M=5
  best q=0.0075, mean total=1.354 ms, completion=1.0000
[12/18] unslotted lambda=3 M=6
  best q=0.005, mean total=1.656 ms, completion=1.0000
[13/18] unslotted lambda=5 M=1
  best q=0.02, mean total=0.435 ms, completion=1.0000
[14/18] unslotted lambda=5 M=2
  best q=0.02, mean total=0.662 ms, completion=1.0000
[15/18] unslotted lambda=5 M=3
  best q=0.02, mean total=0.914 ms, completion=1.0000
[16/18] unslotted lambda=5 M=4
  best q=0.02, mean total=1.181 ms, completion=1.0000
[17/18] unslotted lambda=5 M=5
  best q=0.015, mean total=1.509 ms, completion=1.0000
[18/18] unslotted lambda=5 M=6
  best q=0.015, mean total=1.813 ms, completion=1.0000
=== completed in 10231.9 s ===

Corrected Unslotted study completed.
Result directory: C:\Users\01\Desktop\delay2.0\delay2.0\sf_cb_lightload_study\results\20260729_182732\corrected_unslotted_20260730_033919
