
=== Matched SB-CB light-load study ===
Base SF-CB result: C:\Users\01\Desktop\delay2.0\delay2.0\sf_cb_lightload_study\results\20260729_182732
Output: C:\Users\01\Desktop\delay2.0\delay2.0\sf_cb_lightload_study\results\20260729_182732\matched_sbcb_20260730_010511
[1/18] sb_cb lambda=1 M=1
  best q=0.725, mean total=0.441 ms, completion=1.0000
[2/18] sb_cb lambda=1 M=2
  best q=0.65, mean total=0.646 ms, completion=1.0000
[3/18] sb_cb lambda=1 M=3
  best q=0.525, mean total=0.853 ms, completion=1.0000
[4/18] sb_cb lambda=1 M=4
  best q=0.475, mean total=1.061 ms, completion=1.0000
[5/18] sb_cb lambda=1 M=5
  best q=0.775, mean total=1.259 ms, completion=1.0000
[6/18] sb_cb lambda=1 M=6
  best q=0.4, mean total=1.477 ms, completion=1.0000
[7/18] sb_cb lambda=3 M=1
  best q=0.4, mean total=0.469 ms, completion=1.0000
[8/18] sb_cb lambda=3 M=2
  best q=0.525, mean total=0.680 ms, completion=1.0000
[9/18] sb_cb lambda=3 M=3
  best q=0.325, mean total=0.908 ms, completion=1.0000
[10/18] sb_cb lambda=3 M=4
  best q=0.25, mean total=1.150 ms, completion=1.0000
[11/18] sb_cb lambda=3 M=5
  best q=0.25, mean total=1.382 ms, completion=1.0000
[12/18] sb_cb lambda=3 M=6
  best q=0.125, mean total=1.670 ms, completion=1.0000
[13/18] sb_cb lambda=5 M=1
  best q=0.35, mean total=0.483 ms, completion=1.0000
[14/18] sb_cb lambda=5 M=2
  best q=0.275, mean total=0.714 ms, completion=1.0000
[15/18] sb_cb lambda=5 M=3
  best q=0.4, mean total=0.964 ms, completion=1.0000
[16/18] sb_cb lambda=5 M=4
  best q=0.225, mean total=1.262 ms, completion=1.0000
[17/18] sb_cb lambda=5 M=5
  best q=0.225, mean total=1.550 ms, completion=1.0000
[18/18] sb_cb lambda=5 M=6
  best q=0.325, mean total=1.926 ms, completion=1.0000
=== completed in 7369.0 s ===

Matched SB-CB study completed.
Result directory: C:\Users\01\Desktop\delay2.0\delay2.0\sf_cb_lightload_study\results\20260729_182732\matched_sbcb_20260730_010511
Combined figure: C:\Users\01\Desktop\delay2.0\delay2.0\sf_cb_lightload_study\results\20260729_182732\matched_sbcb_20260730_010511\figures\sf_cb_lightload_delay_comparison_with_sb_cb.png
